
> waraqa-unified-backend@4.5.0 test
> jest --runInBand

PASS src/ia/assistant.spec.ts
PASS src/unified/releve.spec.ts
PASS src/common/calculs.spec.ts
PASS src/ocr/ia-gateway.spec.ts
PASS src/designations/designations.service.spec.ts
PASS src/common/types.spec.ts
PASS src/unified/integrations.service.spec.ts
PASS src/ocr/preparation-contenu.spec.ts
  ● Console

    console.log
      Warning: Indexing all PDF objects

      at console (../node_modules/pdf-parse/lib/pdf.js/v1.10.100/build/webpack:/src/shared/util.js:276:5)

PASS src/ia/ia-config.spec.ts
PASS src/ocr/extraction-ia-mock.service.spec.ts
PASS src/unified/backup.spec.ts
PASS src/unified/archive-pdf.spec.ts
PASS src/auth/totp.spec.ts

Test Suites: 13 passed, 13 total
Tests:       121 passed, 121 total
Snapshots:   0 total
Time:        8.106 s
Ran all test suites.
UNIT_EXIT 0
