
> waraqa-unified-backend@4.5.0 test:e2e
> jest --config ./test/jest-e2e.json --runInBand

PASS test/online-drive.e2e-spec.ts (8.598 s)
  ● Console

    console.log
      Warning: Indexing all PDF objects

      at console (../node_modules/pdf-parse/lib/pdf.js/v1.10.100/build/webpack:/src/shared/util.js:276:5)

PASS test/ia-live.e2e-spec.ts (7.632 s)
PASS test/releve-lot.e2e-spec.ts
PASS test/app.e2e-spec.ts
PASS test/frontend-compat.e2e-spec.ts
PASS test/integrity.e2e-spec.ts
PASS test/archive-pdf.e2e-spec.ts
PASS test/notifications.e2e-spec.ts
PASS test/ocr.e2e-spec.ts
PASS test/unified-scheduler.e2e-spec.ts

Test Suites: 10 passed, 10 total
Tests:       100 passed, 100 total
Snapshots:   0 total
Time:        30.956 s
Ran all test suites.
E2E_EXIT 0
