
> waraqa-unified-backend@4.6.0 test
> jest --runInBand

PASS src/unified/workbook-reader.spec.ts
PASS src/unified/integrations.service.spec.ts
PASS src/ocr/preparation-contenu.spec.ts
  ● Console

    console.log
      Warning: Indexing all PDF objects

      at console (../node_modules/pdf-parse/lib/pdf.js/v1.10.100/build/webpack:/src/shared/util.js:276:5)

PASS src/ia/assistant.spec.ts
PASS src/unified/backup.spec.ts
PASS src/unified/report-pdf.spec.ts
PASS src/unified/document-role.spec.ts
PASS src/unified/releve.spec.ts
PASS src/designations/designations.service.spec.ts
PASS src/unified/archive-pdf.spec.ts
PASS src/ocr/ia-gateway.spec.ts
PASS src/ocr/extraction-ia-mock.service.spec.ts
PASS src/common/calculs.spec.ts
PASS src/auth/totp.spec.ts
PASS src/ia/ia-config.spec.ts
PASS src/common/types.spec.ts

Test Suites: 16 passed, 16 total
Tests:       136 passed, 136 total
Snapshots:   0 total
Time:        7.604 s, estimated 8 s
Ran all test suites.
