PASS SPA served; missing API routes return 404
PASS First-run setup, JWT authentication and closed registration
PASS No key exposure; live mode cannot activate without key
PASS Demo samples explicit and idempotent
PASS Review rejects incomplete entries and is reset on edit
PASS Balanced rounding and payment-month filtering
PASS Server-derived amounts, date validation and blocked duplicate review
PASS Real CSV parsing, leading zeros, partial-lot errors and content duplicate blocking
PASS Scans stored without fabricated extraction and linked to manual entries
PASS Human-confirmed reconciliation and bank exclusion from purchase totals
PASS Real Excel and balanced Sage CSV exports, reviewed-only selection
PASS Immutable snapshot despite later edits
PASS Prompt templates create/edit/delete
PASS Persistent contextual chat with structured local replies and attachments
PASS Admin permissions, chat privacy and revoked deleted-user access
PASS Restart persistence for settings, invoices, documents and chat
PASS Password change revokes existing sessions
{
  "passed": 17,
  "checks": [
    "SPA served; missing API routes return 404",
    "First-run setup, JWT authentication and closed registration",
    "No key exposure; live mode cannot activate without key",
    "Demo samples explicit and idempotent",
    "Review rejects incomplete entries and is reset on edit",
    "Balanced rounding and payment-month filtering",
    "Server-derived amounts, date validation and blocked duplicate review",
    "Real CSV parsing, leading zeros, partial-lot errors and content duplicate blocking",
    "Scans stored without fabricated extraction and linked to manual entries",
    "Human-confirmed reconciliation and bank exclusion from purchase totals",
    "Real Excel and balanced Sage CSV exports, reviewed-only selection",
    "Immutable snapshot despite later edits",
    "Prompt templates create/edit/delete",
    "Persistent contextual chat with structured local replies and attachments",
    "Admin permissions, chat privacy and revoked deleted-user access",
    "Restart persistence for settings, invoices, documents and chat",
    "Password change revokes existing sessions"
  ]
}
